AR pseudotosnet_ctrl behavioral C:/Users/lukas/Documents/GitHub/RobTek_G1_2015/EMB1/FinalProject/Code/segway.srcs/sources_1/imports/SRC/PTN_CTRL/PseudoTosNet_ctrl.vhd sub00/vhpl15 1447923619
AR motorcontrol behavioral C:/Users/lukas/Documents/GitHub/RobTek_G1_2015/EMB1/FinalProject/Code/segway.srcs/sources_1/new/motorcontrol.vhd sub00/vhpl17 1447923621
EN motorcontrol NULL C:/Users/lukas/Documents/GitHub/RobTek_G1_2015/EMB1/FinalProject/Code/segway.srcs/sources_1/new/motorcontrol.vhd sub00/vhpl16 1447923620
AR bbfifo_16x8 low_level_definition C:/Users/lukas/Documents/GitHub/RobTek_G1_2015/EMB1/FinalProject/Code/segway.srcs/sources_1/imports/SRC/PTN_CTRL/bbfifo_16x8.vhd sub00/vhpl03 1447923607
AR topmodule behavioral C:/Users/lukas/Documents/GitHub/RobTek_G1_2015/EMB1/FinalProject/Code/segway.srcs/sources_1/new/topmodule.vhd sub00/vhpl21 1447923625
AR uart_tx macro_level_definition C:/Users/lukas/Documents/GitHub/RobTek_G1_2015/EMB1/FinalProject/Code/segway.srcs/sources_1/imports/SRC/PTN_CTRL/uart_tx.vhd sub00/vhpl11 1447923615
EN spi NULL C:/Users/lukas/Documents/GitHub/RobTek_G1_2015/EMB1/FinalProject/Code/segway.srcs/sources_1/new/SPI.vhd sub00/vhpl18 1447923622
AR spi behavioral C:/Users/lukas/Documents/GitHub/RobTek_G1_2015/EMB1/FinalProject/Code/segway.srcs/sources_1/new/SPI.vhd sub00/vhpl19 1447923623
MO dataRegister NULL c:/Users/lukas/Documents/GitHub/RobTek_G1_2015/EMB1/FinalProject/Code/segway.srcs/sources_1/ip/dataRegister/dataRegister.v vlg3B/data_register.bin 1447923604
AR kcuart_tx low_level_definition C:/Users/lukas/Documents/GitHub/RobTek_G1_2015/EMB1/FinalProject/Code/segway.srcs/sources_1/imports/SRC/PTN_CTRL/kcuart_tx.vhd sub00/vhpl01 1447923605
AR pseudotosnet_uart behavioral C:/Users/lukas/Documents/GitHub/RobTek_G1_2015/EMB1/FinalProject/Code/segway.srcs/sources_1/imports/SRC/PTN_CTRL/PseudoTosNet_uart.vhd sub00/vhpl13 1447923617
AR dataregister dataregister_a c:/Users/lukas/Documents/GitHub/RobTek_G1_2015/EMB1/FinalProject/Code/segway.srcs/sources_1/ip/dataRegister/dataRegister.vhd sub00/vhpl07 1447923611
AR kcuart_rx low_level_definition C:/Users/lukas/Documents/GitHub/RobTek_G1_2015/EMB1/FinalProject/Code/segway.srcs/sources_1/imports/SRC/PTN_CTRL/kcuart_rx.vhd sub00/vhpl05 1447923609
EN kcuart_rx NULL C:/Users/lukas/Documents/GitHub/RobTek_G1_2015/EMB1/FinalProject/Code/segway.srcs/sources_1/imports/SRC/PTN_CTRL/kcuart_rx.vhd sub00/vhpl04 1447923608
EN pseudotosnet_ctrl NULL C:/Users/lukas/Documents/GitHub/RobTek_G1_2015/EMB1/FinalProject/Code/segway.srcs/sources_1/imports/SRC/PTN_CTRL/PseudoTosNet_ctrl.vhd sub00/vhpl14 1447923618
EN kcuart_tx NULL C:/Users/lukas/Documents/GitHub/RobTek_G1_2015/EMB1/FinalProject/Code/segway.srcs/sources_1/imports/SRC/PTN_CTRL/kcuart_tx.vhd sub00/vhpl00 1447923604
EN bbfifo_16x8 NULL C:/Users/lukas/Documents/GitHub/RobTek_G1_2015/EMB1/FinalProject/Code/segway.srcs/sources_1/imports/SRC/PTN_CTRL/bbfifo_16x8.vhd sub00/vhpl02 1447923606
EN topmodule NULL C:/Users/lukas/Documents/GitHub/RobTek_G1_2015/EMB1/FinalProject/Code/segway.srcs/sources_1/new/topmodule.vhd sub00/vhpl20 1447923624
EN dataregister NULL c:/Users/lukas/Documents/GitHub/RobTek_G1_2015/EMB1/FinalProject/Code/segway.srcs/sources_1/ip/dataRegister/dataRegister.vhd sub00/vhpl06 1447923610
EN pseudotosnet_uart NULL C:/Users/lukas/Documents/GitHub/RobTek_G1_2015/EMB1/FinalProject/Code/segway.srcs/sources_1/imports/SRC/PTN_CTRL/PseudoTosNet_uart.vhd sub00/vhpl12 1447923616
AR uart_rx macro_level_definition C:/Users/lukas/Documents/GitHub/RobTek_G1_2015/EMB1/FinalProject/Code/segway.srcs/sources_1/imports/SRC/PTN_CTRL/uart_rx.vhd sub00/vhpl09 1447923613
EN uart_rx NULL C:/Users/lukas/Documents/GitHub/RobTek_G1_2015/EMB1/FinalProject/Code/segway.srcs/sources_1/imports/SRC/PTN_CTRL/uart_rx.vhd sub00/vhpl08 1447923612
EN uart_tx NULL C:/Users/lukas/Documents/GitHub/RobTek_G1_2015/EMB1/FinalProject/Code/segway.srcs/sources_1/imports/SRC/PTN_CTRL/uart_tx.vhd sub00/vhpl10 1447923614
