AR pseudotosnet_ctrl behavioral /home/aitormig/Documents/Github/GitRep/EMB1/FinalProject/Code/segway.srcs/sources_1/imports/SRC/PTN_CTRL/PseudoTosNet_ctrl.vhd sub00/vhpl15 1447932627
AR motorcontrol behavioral /home/aitormig/Documents/Github/GitRep/EMB1/FinalProject/Code/segway.srcs/sources_1/new/motorcontrol.vhd sub00/vhpl17 1447932629
EN motorcontrol NULL /home/aitormig/Documents/Github/GitRep/EMB1/FinalProject/Code/segway.srcs/sources_1/new/motorcontrol.vhd sub00/vhpl16 1447932628
AR bbfifo_16x8 low_level_definition /home/aitormig/Documents/Github/GitRep/EMB1/FinalProject/Code/segway.srcs/sources_1/imports/SRC/PTN_CTRL/bbfifo_16x8.vhd sub00/vhpl03 1447932615
AR topmodule behavioral /home/aitormig/Documents/Github/GitRep/EMB1/FinalProject/Code/segway.srcs/sources_1/new/topmodule.vhd sub00/vhpl21 1447932633
AR uart_tx macro_level_definition /home/aitormig/Documents/Github/GitRep/EMB1/FinalProject/Code/segway.srcs/sources_1/imports/SRC/PTN_CTRL/uart_tx.vhd sub00/vhpl11 1447932623
EN spi NULL /home/aitormig/Documents/Github/GitRep/EMB1/FinalProject/Code/segway.srcs/sources_1/new/SPI.vhd sub00/vhpl18 1447932630
AR spi behavioral /home/aitormig/Documents/Github/GitRep/EMB1/FinalProject/Code/segway.srcs/sources_1/new/SPI.vhd sub00/vhpl19 1447932631
MO dataRegister NULL /home/aitormig/Documents/Github/GitRep/EMB1/FinalProject/Code/segway.srcs/sources_1/ip/dataRegister/dataRegister.v vlg3B/data_register.bin 1447932612
AR kcuart_tx low_level_definition /home/aitormig/Documents/Github/GitRep/EMB1/FinalProject/Code/segway.srcs/sources_1/imports/SRC/PTN_CTRL/kcuart_tx.vhd sub00/vhpl01 1447932613
AR pseudotosnet_uart behavioral /home/aitormig/Documents/Github/GitRep/EMB1/FinalProject/Code/segway.srcs/sources_1/imports/SRC/PTN_CTRL/PseudoTosNet_uart.vhd sub00/vhpl13 1447932625
AR dataregister dataregister_a /home/aitormig/Documents/Github/GitRep/EMB1/FinalProject/Code/segway.srcs/sources_1/ip/dataRegister/dataRegister.vhd sub00/vhpl07 1447932619
AR kcuart_rx low_level_definition /home/aitormig/Documents/Github/GitRep/EMB1/FinalProject/Code/segway.srcs/sources_1/imports/SRC/PTN_CTRL/kcuart_rx.vhd sub00/vhpl05 1447932617
EN kcuart_rx NULL /home/aitormig/Documents/Github/GitRep/EMB1/FinalProject/Code/segway.srcs/sources_1/imports/SRC/PTN_CTRL/kcuart_rx.vhd sub00/vhpl04 1447932616
EN pseudotosnet_ctrl NULL /home/aitormig/Documents/Github/GitRep/EMB1/FinalProject/Code/segway.srcs/sources_1/imports/SRC/PTN_CTRL/PseudoTosNet_ctrl.vhd sub00/vhpl14 1447932626
EN kcuart_tx NULL /home/aitormig/Documents/Github/GitRep/EMB1/FinalProject/Code/segway.srcs/sources_1/imports/SRC/PTN_CTRL/kcuart_tx.vhd sub00/vhpl00 1447932612
EN bbfifo_16x8 NULL /home/aitormig/Documents/Github/GitRep/EMB1/FinalProject/Code/segway.srcs/sources_1/imports/SRC/PTN_CTRL/bbfifo_16x8.vhd sub00/vhpl02 1447932614
EN topmodule NULL /home/aitormig/Documents/Github/GitRep/EMB1/FinalProject/Code/segway.srcs/sources_1/new/topmodule.vhd sub00/vhpl20 1447932632
EN dataregister NULL /home/aitormig/Documents/Github/GitRep/EMB1/FinalProject/Code/segway.srcs/sources_1/ip/dataRegister/dataRegister.vhd sub00/vhpl06 1447932618
EN pseudotosnet_uart NULL /home/aitormig/Documents/Github/GitRep/EMB1/FinalProject/Code/segway.srcs/sources_1/imports/SRC/PTN_CTRL/PseudoTosNet_uart.vhd sub00/vhpl12 1447932624
AR uart_rx macro_level_definition /home/aitormig/Documents/Github/GitRep/EMB1/FinalProject/Code/segway.srcs/sources_1/imports/SRC/PTN_CTRL/uart_rx.vhd sub00/vhpl09 1447932621
EN uart_rx NULL /home/aitormig/Documents/Github/GitRep/EMB1/FinalProject/Code/segway.srcs/sources_1/imports/SRC/PTN_CTRL/uart_rx.vhd sub00/vhpl08 1447932620
EN uart_tx NULL /home/aitormig/Documents/Github/GitRep/EMB1/FinalProject/Code/segway.srcs/sources_1/imports/SRC/PTN_CTRL/uart_tx.vhd sub00/vhpl10 1447932622
